#-----| [OpaqueTypeDecl] _
#-----| [OpaqueTypeDecl] _
#-----| [OpaqueTypeDecl] _
#-----| [OpaqueTypeDecl] _
swiftui.swift:
#    2| [Comment] // --- stubs ---
#    2| 
#    4| [ProtocolDecl] View
#-----|   getGenericTypeParam(0): [GenericTypeParamDecl] Self
#    7| [StructDecl] Binding
#    7|   getGenericTypeParam(0): [GenericTypeParamDecl] Value
#    7|   getMember(0): [Initializer] Binding<Value>.init()
#    7|       InterfaceType = <Value> (Binding<Value>.Type) -> () -> Binding<Value>
#    7|     getSelfParam(): [ParamDecl] self
#    7|         Type = Binding<Value>
#    7|     getBody(): [BraceStmt] { ... }
#    7|       getElement(0): [ReturnStmt] return
#   11| [StructDecl] State
#   11|   getGenericTypeParam(0): [GenericTypeParamDecl] Value
#   12|   getMember(0): [PatternBindingDecl] var ... = ...
#   12|     getPattern(0): [TypedPattern] ... as ...
#   12|       getSubPattern(): [NamedPattern] wrappedValue
#   12|       getTypeRepr(): [TypeRepr] Value
#   12|   getMember(1): [ConcreteVarDecl] wrappedValue
#   12|       Type = Value
#   12|     getAccessor(0): [Accessor] get
#   12|         InterfaceType = <Value> (State<Value>) -> () -> Value
#   12|       getSelfParam(): [ParamDecl] self
#   12|           Type = State<Value>
#   12|       getBody(): [BraceStmt] { ... }
#-----|         getElement(0): [ReturnStmt] return ...
#-----|           getResult(): [MemberRefExpr] .wrappedValue
#-----|             getBase(): [DeclRefExpr] self
#   12|     getAccessor(1): [Accessor] set
#   12|         InterfaceType = <Value> (inout State<Value>) -> (Value) -> ()
#   12|       getSelfParam(): [ParamDecl] self
#   12|           Type = State<Value>
#   12|       getParam(0): [ParamDecl] value
#   12|           Type = Value
#   12|       getBody(): [BraceStmt] { ... }
#-----|         getElement(0): [AssignExpr]  ... = ...
#-----|           getDest(): [MemberRefExpr] .wrappedValue
#-----|             getBase(): [DeclRefExpr] self
#-----|           getSource(): [DeclRefExpr] value
#   12|     getAccessor(2): [Accessor] _modify
#   12|         InterfaceType = <Value> (inout State<Value>) -> () -> ()
#   12|       getSelfParam(): [ParamDecl] self
#   12|           Type = State<Value>
#   12|       getBody(): [BraceStmt] { ... }
#   12|         getElement(0): [YieldStmt] yield ...
#-----|           getResult(0): [MemberRefExpr] .wrappedValue
#-----|             getBase(): [DeclRefExpr] self
#-----|           getResult(0).getFullyConverted(): [InOutExpr] &...
#   13|   getMember(2): [PatternBindingDecl] var ... = ...
#   13|     getPattern(0): [TypedPattern] ... as ...
#   13|       getSubPattern(): [NamedPattern] projectedValue
#   13|       getTypeRepr(): [TypeRepr] Binding<Value>
#   13|   getMember(3): [ConcreteVarDecl] projectedValue
#   13|       Type = Binding<Value>
#   13|     getAccessor(0): [Accessor] get
#   13|         InterfaceType = <Value> (State<Value>) -> () -> Binding<Value>
#   13|       getSelfParam(): [ParamDecl] self
#   13|           Type = State<Value>
#   13|       getBody(): [BraceStmt] { ... }
#   13|         getElement(0): [ReturnStmt] return ...
#   13|           getResult(): [IntegerLiteralExpr] 0
#   13|           getResult().getFullyConverted(): [ForcedCheckedCastExpr] (Binding<Value>) ...
#   11|   getMember(4): [Initializer] State<Value>.init(wrappedValue:)
#   11|       InterfaceType = <Value> (State<Value>.Type) -> (Value) -> State<Value>
#   11|     getSelfParam(): [ParamDecl] self
#   11|         Type = State<Value>
#   11|     getParam(0): [ParamDecl] wrappedValue
#   11|         Type = Value
#   11| [Comment] // an @State
#   11| 
#   13| [Comment] // what you get with `$`
#   13| 
#   16| [StructDecl] LocalizedStringKey
#   17|   getMember(0): [TypeAliasDecl] StringLiteralType
#   19|   getMember(1): [Initializer] LocalizedStringKey.init(stringLiteral:)
#   19|       InterfaceType = (LocalizedStringKey.Type) -> (LocalizedStringKey.StringLiteralType) -> LocalizedStringKey
#   19|     getSelfParam(): [ParamDecl] self
#   19|         Type = LocalizedStringKey
#   19|     getParam(0): [ParamDecl] value
#   19|         Type = LocalizedStringKey.StringLiteralType
#   19|     getBody(): [BraceStmt] { ... }
#   20|       getElement(0): [ReturnStmt] return
#-----|   getMember(2): [TypeAliasDecl] ExtendedGraphemeClusterLiteralType
#-----|   getMember(3): [TypeAliasDecl] UnicodeScalarLiteralType
#   23| [StructDecl] Label
#   23|   getGenericTypeParam(0): [GenericTypeParamDecl] Title
#   23|   getGenericTypeParam(1): [GenericTypeParamDecl] Icon
#   23|   getMember(0): [Initializer] Label<Title, Icon>.init()
#   23|       InterfaceType = <Title, Icon where Title : View, Icon : View> (Label<Title, Icon>.Type) -> () -> Label<Title, Icon>
#   23|     getSelfParam(): [ParamDecl] self
#   23|         Type = Label<Title, Icon>
#   23|     getBody(): [BraceStmt] { ... }
#   23|       getElement(0): [ReturnStmt] return
#   26| [StructDecl] Text
#   26|   getMember(0): [Initializer] Text.init()
#   26|       InterfaceType = (Text.Type) -> () -> Text
#   26|     getSelfParam(): [ParamDecl] self
#   26|         Type = Text
#   26|     getBody(): [BraceStmt] { ... }
#   26|       getElement(0): [ReturnStmt] return
#   29| [StructDecl] TextField
#   29|   getGenericTypeParam(0): [GenericTypeParamDecl] Label
#   30|   getMember(0): [Initializer] TextField<Text>.init(_:text:)
#   30|       InterfaceType = <Label where Label == Text> (TextField<Label>.Type) -> (LocalizedStringKey, Binding<String>) -> TextField<Label>
#   30|     getSelfParam(): [ParamDecl] self
#   30|         Type = TextField<Text>
#   30|     getParam(0): [ParamDecl] titleKey
#   30|         Type = LocalizedStringKey
#   30|     getParam(1): [ParamDecl] text
#   30|         Type = Binding<String>
#   30|     getBody(): [BraceStmt] { ... }
#   30|       getElement(0): [ReturnStmt] return
#   33| [StructDecl] SecureField
#   33|   getGenericTypeParam(0): [GenericTypeParamDecl] Label
#   34|   getMember(0): [Initializer] SecureField<Text>.init(_:text:prompt:)
#   34|       InterfaceType = <Label where Label == Text> (SecureField<Label>.Type) -> (LocalizedStringKey, Binding<String>, Text?) -> SecureField<Label>
#   34|     getSelfParam(): [ParamDecl] self
#   34|         Type = SecureField<Text>
#   34|     getParam(0): [ParamDecl] titleKey
#   34|         Type = LocalizedStringKey
#   34|     getParam(1): [ParamDecl] text
#   34|         Type = Binding<String>
#   34|     getParam(2): [ParamDecl] prompt
#   34|         Type = Text?
#   34|     getBody(): [BraceStmt] { ... }
#   34|       getElement(0): [ReturnStmt] return
#   37| [StructDecl] TextEditor
#   38|   getMember(0): [Initializer] TextEditor.init(text:)
#   38|       InterfaceType = (TextEditor.Type) -> (Binding<String>) -> TextEditor
#   38|     getSelfParam(): [ParamDecl] self
#   38|         Type = TextEditor
#   38|     getParam(0): [ParamDecl] text
#   38|         Type = Binding<String>
#   38|     getBody(): [BraceStmt] { ... }
#   38|       getElement(0): [ReturnStmt] return
#   41| [StructDecl] SubmitTriggers
#   42|   getMember(0): [Initializer] SubmitTriggers.init(rawValue:)
#   42|       InterfaceType = (SubmitTriggers.Type) -> (UInt) -> SubmitTriggers
#   42|     getSelfParam(): [ParamDecl] self
#   42|         Type = SubmitTriggers
#   42|     getParam(0): [ParamDecl] rawValue
#   42|         Type = UInt
#   42|     getBody(): [BraceStmt] { ... }
#   43|       getElement(0): [AssignExpr]  ... = ...
#   43|         getDest(): [MemberRefExpr] .rawValue
#   43|           getBase(): [DeclRefExpr] self
#   43|         getSource(): [DeclRefExpr] rawValue
#   44|       getElement(1): [ReturnStmt] return
#   46|   getMember(1): [PatternBindingDecl] var ... = ...
#   46|     getPattern(0): [TypedPattern] ... as ...
#   46|       getSubPattern(): [NamedPattern] rawValue
#   46|       getTypeRepr(): [TypeRepr] UInt
#   46|   getMember(2): [ConcreteVarDecl] rawValue
#   46|       Type = UInt
#   46|     getAccessor(0): [Accessor] get
#   46|         InterfaceType = (SubmitTriggers) -> () -> UInt
#   46|       getSelfParam(): [ParamDecl] self
#   46|           Type = SubmitTriggers
#   46|       getBody(): [BraceStmt] { ... }
#-----|         getElement(0): [ReturnStmt] return ...
#-----|           getResult(): [MemberRefExpr] .rawValue
#-----|             getBase(): [DeclRefExpr] self
#   46|     getAccessor(1): [Accessor] set
#   46|         InterfaceType = (inout SubmitTriggers) -> (UInt) -> ()
#   46|       getSelfParam(): [ParamDecl] self
#   46|           Type = SubmitTriggers
#   46|       getParam(0): [ParamDecl] value
#   46|           Type = UInt
#   46|       getBody(): [BraceStmt] { ... }
#-----|         getElement(0): [AssignExpr]  ... = ...
#-----|           getDest(): [MemberRefExpr] .rawValue
#-----|             getBase(): [DeclRefExpr] self
#-----|           getSource(): [DeclRefExpr] value
#   46|     getAccessor(2): [Accessor] _modify
#   46|         InterfaceType = (inout SubmitTriggers) -> () -> ()
#   46|       getSelfParam(): [ParamDecl] self
#   46|           Type = SubmitTriggers
#   46|       getBody(): [BraceStmt] { ... }
#   46|         getElement(0): [YieldStmt] yield ...
#-----|           getResult(0): [MemberRefExpr] .rawValue
#-----|             getBase(): [DeclRefExpr] self
#-----|           getResult(0).getFullyConverted(): [InOutExpr] &...
#   48|   getMember(3): [PatternBindingDecl] var ... = ...
#   48|     getInit(0): [CallExpr] call to SubmitTriggers.init(rawValue:)
#   48|       getFunction(): [MethodLookupExpr] SubmitTriggers.init(rawValue:)
#   48|         getBase(): [TypeExpr] SubmitTriggers.Type
#   48|           getTypeRepr(): [TypeRepr] SubmitTriggers
#   48|         getMethodRef(): [DeclRefExpr] SubmitTriggers.init(rawValue:)
#   48|       getArgument(0): [Argument] rawValue: 1
#   48|         getExpr(): [IntegerLiteralExpr] 1
#   48|     getPattern(0): [NamedPattern] text
#   48|   getMember(4): [ConcreteVarDecl] text
#   48|       Type = SubmitTriggers
#   48|     getAccessor(0): [Accessor] get
#   48|         InterfaceType = (SubmitTriggers.Type) -> () -> SubmitTriggers
#   48|       getSelfParam(): [ParamDecl] self
#   48|           Type = SubmitTriggers.Type
#   48|       getBody(): [BraceStmt] { ... }
#-----|         getElement(0): [ReturnStmt] return ...
#-----|           getResult(): [MemberRefExpr] .text
#-----|             getBase(): [DeclRefExpr] self
#   51| [ExtensionDecl] extension of View
#-----|   getGenericTypeParam(0): [GenericTypeParamDecl] Self
#   52|   getMember(0): [NamedFunction] onSubmit(of:_:)
#   52|       InterfaceType = <Self where Self : View> (Self) -> (SubmitTriggers, @escaping (() -> Void)) -> some View
#   52|     getSelfParam(): [ParamDecl] self
#   52|         Type = Self
#   53|     getParam(0): [ParamDecl] triggers
#   53|         Type = SubmitTriggers
#   54|     getParam(1): [ParamDecl] action
#   54|         Type = (() -> Void)
#   55|     getBody(): [BraceStmt] { ... }
#   56|       getElement(0): [ReturnStmt] return ...
#   56|         getResult(): [DeclRefExpr] self
#   56|         getResult().getFullyConverted(): [UnderlyingToOpaqueExpr] (some View) ...
#   60| [Comment] // --- tests ---
#   60| 
#   62| [NamedFunction] sink(arg:)
#   62|     InterfaceType = (Any) -> ()
#   62|   getParam(0): [ParamDecl] arg
#   62|       Type = Any
#   62|   getBody(): [BraceStmt] { ... }
#   64| [NamedFunction] mkHarmlessBinding(text:)
#   64|     InterfaceType = (Binding<String>) -> ()
#   64|   getParam(0): [ParamDecl] text
#   64|       Type = Binding<String>
#   64|   getBody(): [BraceStmt] { ... }
#   66| [StructDecl] MyStruct
#   67|   getMember(0): [PatternBindingDecl] var ... = ...
#   67|     getInit(0): [CallExpr] call to State<Value>.init(wrappedValue:)
#   67|       getFunction(): [MethodLookupExpr] State<Value>.init(wrappedValue:)
#   67|         getBase(): [TypeExpr] State<String>.Type
#   67|           getTypeRepr(): [TypeRepr] State<String>
#   67|         getMethodRef(): [DeclRefExpr] State<Value>.init(wrappedValue:)
#   67|       getArgument(0): [Argument] wrappedValue: PropertyWrapperValuePlaceholderExpr
#   67|         getExpr(): [PropertyWrapperValuePlaceholderExpr] PropertyWrapperValuePlaceholderExpr
#   67|     getPattern(0): [TypedPattern] ... as ...
#   67|       getSubPattern(): [NamedPattern] input
#   67|       getTypeRepr(): [TypeRepr] String
#   67|   getMember(1): [ConcreteVarDecl] input
#   67|       Type = String
#   67|     getAccessor(0): [Accessor] get
#   67|         InterfaceType = (MyStruct) -> () -> String
#   67|       getSelfParam(): [ParamDecl] self
#   67|           Type = MyStruct
#   67|       getBody(): [BraceStmt] { ... }
#-----|         getElement(0): [ReturnStmt] return ...
#-----|           getResult(): [MemberRefExpr] .wrappedValue
#-----|             getBase(): [MemberRefExpr] ._input
#-----|               getBase(): [DeclRefExpr] self
#   67|     getAccessor(1): [Accessor] set
#   67|         InterfaceType = (inout MyStruct) -> (String) -> ()
#   67|       getSelfParam(): [ParamDecl] self
#   67|           Type = MyStruct
#   67|       getParam(0): [ParamDecl] value
#   67|           Type = String
#   67|       getBody(): [BraceStmt] { ... }
#-----|         getElement(0): [AssignExpr]  ... = ...
#-----|           getDest(): [MemberRefExpr] .wrappedValue
#-----|             getBase(): [MemberRefExpr] ._input
#-----|               getBase(): [DeclRefExpr] self
#-----|           getSource(): [DeclRefExpr] value
#   67|     getAccessor(2): [Accessor] _modify
#   67|         InterfaceType = (inout MyStruct) -> () -> ()
#   67|       getSelfParam(): [ParamDecl] self
#   67|           Type = MyStruct
#   67|       getBody(): [BraceStmt] { ... }
#   67|         getElement(0): [YieldStmt] yield ...
#-----|           getResult(0): [MemberRefExpr] .wrappedValue
#-----|             getBase(): [MemberRefExpr] ._input
#-----|               getBase(): [DeclRefExpr] self
#-----|           getResult(0).getFullyConverted(): [InOutExpr] &...
#   67|   getMember(4): [ConcreteVarDecl] $input
#   67|       Type = Binding<String>
#   67|     getAccessor(0): [Accessor] get
#   67|         InterfaceType = (MyStruct) -> () -> Binding<String>
#   67|       getSelfParam(): [ParamDecl] self
#   67|           Type = MyStruct
#   67|       getBody(): [BraceStmt] { ... }
#-----|         getElement(0): [ReturnStmt] return ...
#-----|           getResult(): [MemberRefExpr] .projectedValue
#-----|             getBase(): [MemberRefExpr] ._input
#-----|               getBase(): [DeclRefExpr] self
#   67|   getMember(5): [ConcreteVarDecl] _input
#   67|       Type = State<String>
#   67|     getAccessor(0): [Accessor] get
#   67|         InterfaceType = (MyStruct) -> () -> State<String>
#   67|       getSelfParam(): [ParamDecl] self
#   67|           Type = MyStruct
#   67|       getBody(): [BraceStmt] { ... }
#-----|         getElement(0): [ReturnStmt] return ...
#-----|           getResult(): [MemberRefExpr] ._input
#-----|             getBase(): [DeclRefExpr] self
#   67|     getAccessor(1): [Accessor] set
#   67|         InterfaceType = (inout MyStruct) -> (State<String>) -> ()
#   67|       getSelfParam(): [ParamDecl] self
#   67|           Type = MyStruct
#   67|       getParam(0): [ParamDecl] value
#   67|           Type = State<String>
#   67|       getBody(): [BraceStmt] { ... }
#-----|         getElement(0): [AssignExpr]  ... = ...
#-----|           getDest(): [MemberRefExpr] ._input
#-----|             getBase(): [DeclRefExpr] self
#-----|           getSource(): [DeclRefExpr] value
#   67|     getAccessor(2): [Accessor] _modify
#   67|         InterfaceType = (inout MyStruct) -> () -> ()
#   67|       getSelfParam(): [ParamDecl] self
#   67|           Type = MyStruct
#   67|       getBody(): [BraceStmt] { ... }
#   67|         getElement(0): [YieldStmt] yield ...
#-----|           getResult(0): [MemberRefExpr] ._input
#-----|             getBase(): [DeclRefExpr] self
#-----|           getResult(0).getFullyConverted(): [InOutExpr] &...
#   68|   getMember(6): [PatternBindingDecl] var ... = ...
#   68|     getInit(0): [CallExpr] call to State<Value>.init(wrappedValue:)
#   68|       getFunction(): [MethodLookupExpr] State<Value>.init(wrappedValue:)
#   68|         getBase(): [TypeExpr] State<String>.Type
#   68|           getTypeRepr(): [TypeRepr] State<String>
#   68|         getMethodRef(): [DeclRefExpr] State<Value>.init(wrappedValue:)
#   68|       getArgument(0): [Argument] wrappedValue: PropertyWrapperValuePlaceholderExpr
#   68|         getExpr(): [PropertyWrapperValuePlaceholderExpr] PropertyWrapperValuePlaceholderExpr
#   68|     getPattern(0): [TypedPattern] ... as ...
#   68|       getSubPattern(): [NamedPattern] secureInput
#   68|       getTypeRepr(): [TypeRepr] String
#   68|   getMember(7): [ConcreteVarDecl] secureInput
#   68|       Type = String
#   68|     getAccessor(0): [Accessor] get
#   68|         InterfaceType = (MyStruct) -> () -> String
#   68|       getSelfParam(): [ParamDecl] self
#   68|           Type = MyStruct
#   68|       getBody(): [BraceStmt] { ... }
#-----|         getElement(0): [ReturnStmt] return ...
#-----|           getResult(): [MemberRefExpr] .wrappedValue
#-----|             getBase(): [MemberRefExpr] ._secureInput
#-----|               getBase(): [DeclRefExpr] self
#   68|     getAccessor(1): [Accessor] set
#   68|         InterfaceType = (inout MyStruct) -> (String) -> ()
#   68|       getSelfParam(): [ParamDecl] self
#   68|           Type = MyStruct
#   68|       getParam(0): [ParamDecl] value
#   68|           Type = String
#   68|       getBody(): [BraceStmt] { ... }
#-----|         getElement(0): [AssignExpr]  ... = ...
#-----|           getDest(): [MemberRefExpr] .wrappedValue
#-----|             getBase(): [MemberRefExpr] ._secureInput
#-----|               getBase(): [DeclRefExpr] self
#-----|           getSource(): [DeclRefExpr] value
#   68|     getAccessor(2): [Accessor] _modify
#   68|         InterfaceType = (inout MyStruct) -> () -> ()
#   68|       getSelfParam(): [ParamDecl] self
#   68|           Type = MyStruct
#   68|       getBody(): [BraceStmt] { ... }
#   68|         getElement(0): [YieldStmt] yield ...
#-----|           getResult(0): [MemberRefExpr] .wrappedValue
#-----|             getBase(): [MemberRefExpr] ._secureInput
#-----|               getBase(): [DeclRefExpr] self
#-----|           getResult(0).getFullyConverted(): [InOutExpr] &...
#   68|   getMember(10): [ConcreteVarDecl] $secureInput
#   68|       Type = Binding<String>
#   68|     getAccessor(0): [Accessor] get
#   68|         InterfaceType = (MyStruct) -> () -> Binding<String>
#   68|       getSelfParam(): [ParamDecl] self
#   68|           Type = MyStruct
#   68|       getBody(): [BraceStmt] { ... }
#-----|         getElement(0): [ReturnStmt] return ...
#-----|           getResult(): [MemberRefExpr] .projectedValue
#-----|             getBase(): [MemberRefExpr] ._secureInput
#-----|               getBase(): [DeclRefExpr] self
#   68|   getMember(11): [ConcreteVarDecl] _secureInput
#   68|       Type = State<String>
#   68|     getAccessor(0): [Accessor] get
#   68|         InterfaceType = (MyStruct) -> () -> State<String>
#   68|       getSelfParam(): [ParamDecl] self
#   68|           Type = MyStruct
#   68|       getBody(): [BraceStmt] { ... }
#-----|         getElement(0): [ReturnStmt] return ...
#-----|           getResult(): [MemberRefExpr] ._secureInput
#-----|             getBase(): [DeclRefExpr] self
#   68|     getAccessor(1): [Accessor] set
#   68|         InterfaceType = (inout MyStruct) -> (State<String>) -> ()
#   68|       getSelfParam(): [ParamDecl] self
#   68|           Type = MyStruct
#   68|       getParam(0): [ParamDecl] value
#   68|           Type = State<String>
#   68|       getBody(): [BraceStmt] { ... }
#-----|         getElement(0): [AssignExpr]  ... = ...
#-----|           getDest(): [MemberRefExpr] ._secureInput
#-----|             getBase(): [DeclRefExpr] self
#-----|           getSource(): [DeclRefExpr] value
#   68|     getAccessor(2): [Accessor] _modify
#   68|         InterfaceType = (inout MyStruct) -> () -> ()
#   68|       getSelfParam(): [ParamDecl] self
#   68|           Type = MyStruct
#   68|       getBody(): [BraceStmt] { ... }
#   68|         getElement(0): [YieldStmt] yield ...
#-----|           getResult(0): [MemberRefExpr] ._secureInput
#-----|             getBase(): [DeclRefExpr] self
#-----|           getResult(0).getFullyConverted(): [InOutExpr] &...
#   69|   getMember(12): [PatternBindingDecl] var ... = ...
#   69|     getInit(0): [CallExpr] call to State<Value>.init(wrappedValue:)
#   69|       getFunction(): [MethodLookupExpr] State<Value>.init(wrappedValue:)
#   69|         getBase(): [TypeExpr] State<String>.Type
#   69|           getTypeRepr(): [TypeRepr] State<String>
#   69|         getMethodRef(): [DeclRefExpr] State<Value>.init(wrappedValue:)
#   69|       getArgument(0): [Argument] wrappedValue: PropertyWrapperValuePlaceholderExpr
#   69|         getExpr(): [PropertyWrapperValuePlaceholderExpr] PropertyWrapperValuePlaceholderExpr
#   69|     getPattern(0): [TypedPattern] ... as ...
#   69|       getSubPattern(): [NamedPattern] longInput
#   69|       getTypeRepr(): [TypeRepr] String
#   69|   getMember(13): [ConcreteVarDecl] longInput
#   69|       Type = String
#   69|     getAccessor(0): [Accessor] get
#   69|         InterfaceType = (MyStruct) -> () -> String
#   69|       getSelfParam(): [ParamDecl] self
#   69|           Type = MyStruct
#   69|       getBody(): [BraceStmt] { ... }
#-----|         getElement(0): [ReturnStmt] return ...
#-----|           getResult(): [MemberRefExpr] .wrappedValue
#-----|             getBase(): [MemberRefExpr] ._longInput
#-----|               getBase(): [DeclRefExpr] self
#   69|     getAccessor(1): [Accessor] set
#   69|         InterfaceType = (inout MyStruct) -> (String) -> ()
#   69|       getSelfParam(): [ParamDecl] self
#   69|           Type = MyStruct
#   69|       getParam(0): [ParamDecl] value
#   69|           Type = String
#   69|       getBody(): [BraceStmt] { ... }
#-----|         getElement(0): [AssignExpr]  ... = ...
#-----|           getDest(): [MemberRefExpr] .wrappedValue
#-----|             getBase(): [MemberRefExpr] ._longInput
#-----|               getBase(): [DeclRefExpr] self
#-----|           getSource(): [DeclRefExpr] value
#   69|     getAccessor(2): [Accessor] _modify
#   69|         InterfaceType = (inout MyStruct) -> () -> ()
#   69|       getSelfParam(): [ParamDecl] self
#   69|           Type = MyStruct
#   69|       getBody(): [BraceStmt] { ... }
#   69|         getElement(0): [YieldStmt] yield ...
#-----|           getResult(0): [MemberRefExpr] .wrappedValue
#-----|             getBase(): [MemberRefExpr] ._longInput
#-----|               getBase(): [DeclRefExpr] self
#-----|           getResult(0).getFullyConverted(): [InOutExpr] &...
#   69|   getMember(16): [ConcreteVarDecl] $longInput
#   69|       Type = Binding<String>
#   69|     getAccessor(0): [Accessor] get
#   69|         InterfaceType = (MyStruct) -> () -> Binding<String>
#   69|       getSelfParam(): [ParamDecl] self
#   69|           Type = MyStruct
#   69|       getBody(): [BraceStmt] { ... }
#-----|         getElement(0): [ReturnStmt] return ...
#-----|           getResult(): [MemberRefExpr] .projectedValue
#-----|             getBase(): [MemberRefExpr] ._longInput
#-----|               getBase(): [DeclRefExpr] self
#   69|   getMember(17): [ConcreteVarDecl] _longInput
#   69|       Type = State<String>
#   69|     getAccessor(0): [Accessor] get
#   69|         InterfaceType = (MyStruct) -> () -> State<String>
#   69|       getSelfParam(): [ParamDecl] self
#   69|           Type = MyStruct
#   69|       getBody(): [BraceStmt] { ... }
#-----|         getElement(0): [ReturnStmt] return ...
#-----|           getResult(): [MemberRefExpr] ._longInput
#-----|             getBase(): [DeclRefExpr] self
#   69|     getAccessor(1): [Accessor] set
#   69|         InterfaceType = (inout MyStruct) -> (State<String>) -> ()
#   69|       getSelfParam(): [ParamDecl] self
#   69|           Type = MyStruct
#   69|       getParam(0): [ParamDecl] value
#   69|           Type = State<String>
#   69|       getBody(): [BraceStmt] { ... }
#-----|         getElement(0): [AssignExpr]  ... = ...
#-----|           getDest(): [MemberRefExpr] ._longInput
#-----|             getBase(): [DeclRefExpr] self
#-----|           getSource(): [DeclRefExpr] value
#   69|     getAccessor(2): [Accessor] _modify
#   69|         InterfaceType = (inout MyStruct) -> () -> ()
#   69|       getSelfParam(): [ParamDecl] self
#   69|           Type = MyStruct
#   69|       getBody(): [BraceStmt] { ... }
#   69|         getElement(0): [YieldStmt] yield ...
#-----|           getResult(0): [MemberRefExpr] ._longInput
#-----|             getBase(): [DeclRefExpr] self
#-----|           getResult(0).getFullyConverted(): [InOutExpr] &...
#   70|   getMember(18): [PatternBindingDecl] var ... = ...
#   70|     getInit(0): [CallExpr] call to State<Value>.init(wrappedValue:)
#   70|       getFunction(): [MethodLookupExpr] State<Value>.init(wrappedValue:)
#   70|         getBase(): [TypeExpr] State<String>.Type
#   70|           getTypeRepr(): [TypeRepr] State<String>
#   70|         getMethodRef(): [DeclRefExpr] State<Value>.init(wrappedValue:)
#   70|       getArgument(0): [Argument] wrappedValue: PropertyWrapperValuePlaceholderExpr
#   70|         getExpr(): [PropertyWrapperValuePlaceholderExpr] PropertyWrapperValuePlaceholderExpr
#   70|     getPattern(0): [TypedPattern] ... as ...
#   70|       getSubPattern(): [NamedPattern] harmless
#   70|       getTypeRepr(): [TypeRepr] String
#   70|   getMember(19): [ConcreteVarDecl] harmless
#   70|       Type = String
#   70|     getAccessor(0): [Accessor] get
#   70|         InterfaceType = (MyStruct) -> () -> String
#   70|       getSelfParam(): [ParamDecl] self
#   70|           Type = MyStruct
#   70|       getBody(): [BraceStmt] { ... }
#-----|         getElement(0): [ReturnStmt] return ...
#-----|           getResult(): [MemberRefExpr] .wrappedValue
#-----|             getBase(): [MemberRefExpr] ._harmless
#-----|               getBase(): [DeclRefExpr] self
#   70|     getAccessor(1): [Accessor] set
#   70|         InterfaceType = (inout MyStruct) -> (String) -> ()
#   70|       getSelfParam(): [ParamDecl] self
#   70|           Type = MyStruct
#   70|       getParam(0): [ParamDecl] value
#   70|           Type = String
#   70|       getBody(): [BraceStmt] { ... }
#-----|         getElement(0): [AssignExpr]  ... = ...
#-----|           getDest(): [MemberRefExpr] .wrappedValue
#-----|             getBase(): [MemberRefExpr] ._harmless
#-----|               getBase(): [DeclRefExpr] self
#-----|           getSource(): [DeclRefExpr] value
#   70|     getAccessor(2): [Accessor] _modify
#   70|         InterfaceType = (inout MyStruct) -> () -> ()
#   70|       getSelfParam(): [ParamDecl] self
#   70|           Type = MyStruct
#   70|       getBody(): [BraceStmt] { ... }
#   70|         getElement(0): [YieldStmt] yield ...
#-----|           getResult(0): [MemberRefExpr] .wrappedValue
#-----|             getBase(): [MemberRefExpr] ._harmless
#-----|               getBase(): [DeclRefExpr] self
#-----|           getResult(0).getFullyConverted(): [InOutExpr] &...
#   70|   getMember(22): [ConcreteVarDecl] $harmless
#   70|       Type = Binding<String>
#   70|     getAccessor(0): [Accessor] get
#   70|         InterfaceType = (MyStruct) -> () -> Binding<String>
#   70|       getSelfParam(): [ParamDecl] self
#   70|           Type = MyStruct
#   70|       getBody(): [BraceStmt] { ... }
#-----|         getElement(0): [ReturnStmt] return ...
#-----|           getResult(): [MemberRefExpr] .projectedValue
#-----|             getBase(): [MemberRefExpr] ._harmless
#-----|               getBase(): [DeclRefExpr] self
#   70|   getMember(23): [ConcreteVarDecl] _harmless
#   70|       Type = State<String>
#   70|     getAccessor(0): [Accessor] get
#   70|         InterfaceType = (MyStruct) -> () -> State<String>
#   70|       getSelfParam(): [ParamDecl] self
#   70|           Type = MyStruct
#   70|       getBody(): [BraceStmt] { ... }
#-----|         getElement(0): [ReturnStmt] return ...
#-----|           getResult(): [MemberRefExpr] ._harmless
#-----|             getBase(): [DeclRefExpr] self
#   70|     getAccessor(1): [Accessor] set
#   70|         InterfaceType = (inout MyStruct) -> (State<String>) -> ()
#   70|       getSelfParam(): [ParamDecl] self
#   70|           Type = MyStruct
#   70|       getParam(0): [ParamDecl] value
#   70|           Type = State<String>
#   70|       getBody(): [BraceStmt] { ... }
#-----|         getElement(0): [AssignExpr]  ... = ...
#-----|           getDest(): [MemberRefExpr] ._harmless
#-----|             getBase(): [DeclRefExpr] self
#-----|           getSource(): [DeclRefExpr] value
#   70|     getAccessor(2): [Accessor] _modify
#   70|         InterfaceType = (inout MyStruct) -> () -> ()
#   70|       getSelfParam(): [ParamDecl] self
#   70|           Type = MyStruct
#   70|       getBody(): [BraceStmt] { ... }
#   70|         getElement(0): [YieldStmt] yield ...
#-----|           getResult(0): [MemberRefExpr] ._harmless
#-----|             getBase(): [DeclRefExpr] self
#-----|           getResult(0).getFullyConverted(): [InOutExpr] &...
#   71|   getMember(24): [PatternBindingDecl] var ... = ...
#   71|     getInit(0): [CallExpr] call to State<Value>.init(wrappedValue:)
#   71|       getFunction(): [MethodLookupExpr] State<Value>.init(wrappedValue:)
#   71|         getBase(): [TypeExpr] State<String>.Type
#   71|           getTypeRepr(): [TypeRepr] State<String>
#   71|         getMethodRef(): [DeclRefExpr] State<Value>.init(wrappedValue:)
#   71|       getArgument(0): [Argument] wrappedValue: PropertyWrapperValuePlaceholderExpr
#   71|         getExpr(): [PropertyWrapperValuePlaceholderExpr] PropertyWrapperValuePlaceholderExpr
#   71|     getPattern(0): [TypedPattern] ... as ...
#   71|       getSubPattern(): [NamedPattern] harmless2
#   71|       getTypeRepr(): [TypeRepr] String
#   71|   getMember(25): [ConcreteVarDecl] harmless2
#   71|       Type = String
#   71|     getAccessor(0): [Accessor] get
#   71|         InterfaceType = (MyStruct) -> () -> String
#   71|       getSelfParam(): [ParamDecl] self
#   71|           Type = MyStruct
#   71|       getBody(): [BraceStmt] { ... }
#-----|         getElement(0): [ReturnStmt] return ...
#-----|           getResult(): [MemberRefExpr] .wrappedValue
#-----|             getBase(): [MemberRefExpr] ._harmless2
#-----|               getBase(): [DeclRefExpr] self
#   71|     getAccessor(1): [Accessor] set
#   71|         InterfaceType = (inout MyStruct) -> (String) -> ()
#   71|       getSelfParam(): [ParamDecl] self
#   71|           Type = MyStruct
#   71|       getParam(0): [ParamDecl] value
#   71|           Type = String
#   71|       getBody(): [BraceStmt] { ... }
#-----|         getElement(0): [AssignExpr]  ... = ...
#-----|           getDest(): [MemberRefExpr] .wrappedValue
#-----|             getBase(): [MemberRefExpr] ._harmless2
#-----|               getBase(): [DeclRefExpr] self
#-----|           getSource(): [DeclRefExpr] value
#   71|     getAccessor(2): [Accessor] _modify
#   71|         InterfaceType = (inout MyStruct) -> () -> ()
#   71|       getSelfParam(): [ParamDecl] self
#   71|           Type = MyStruct
#   71|       getBody(): [BraceStmt] { ... }
#   71|         getElement(0): [YieldStmt] yield ...
#-----|           getResult(0): [MemberRefExpr] .wrappedValue
#-----|             getBase(): [MemberRefExpr] ._harmless2
#-----|               getBase(): [DeclRefExpr] self
#-----|           getResult(0).getFullyConverted(): [InOutExpr] &...
#   71|   getMember(28): [ConcreteVarDecl] $harmless2
#   71|       Type = Binding<String>
#   71|     getAccessor(0): [Accessor] get
#   71|         InterfaceType = (MyStruct) -> () -> Binding<String>
#   71|       getSelfParam(): [ParamDecl] self
#   71|           Type = MyStruct
#   71|       getBody(): [BraceStmt] { ... }
#-----|         getElement(0): [ReturnStmt] return ...
#-----|           getResult(): [MemberRefExpr] .projectedValue
#-----|             getBase(): [MemberRefExpr] ._harmless2
#-----|               getBase(): [DeclRefExpr] self
#   71|   getMember(29): [ConcreteVarDecl] _harmless2
#   71|       Type = State<String>
#   71|     getAccessor(0): [Accessor] get
#   71|         InterfaceType = (MyStruct) -> () -> State<String>
#   71|       getSelfParam(): [ParamDecl] self
#   71|           Type = MyStruct
#   71|       getBody(): [BraceStmt] { ... }
#-----|         getElement(0): [ReturnStmt] return ...
#-----|           getResult(): [MemberRefExpr] ._harmless2
#-----|             getBase(): [DeclRefExpr] self
#   71|     getAccessor(1): [Accessor] set
#   71|         InterfaceType = (inout MyStruct) -> (State<String>) -> ()
#   71|       getSelfParam(): [ParamDecl] self
#   71|           Type = MyStruct
#   71|       getParam(0): [ParamDecl] value
#   71|           Type = State<String>
#   71|       getBody(): [BraceStmt] { ... }
#-----|         getElement(0): [AssignExpr]  ... = ...
#-----|           getDest(): [MemberRefExpr] ._harmless2
#-----|             getBase(): [DeclRefExpr] self
#-----|           getSource(): [DeclRefExpr] value
#   71|     getAccessor(2): [Accessor] _modify
#   71|         InterfaceType = (inout MyStruct) -> () -> ()
#   71|       getSelfParam(): [ParamDecl] self
#   71|           Type = MyStruct
#   71|       getBody(): [BraceStmt] { ... }
#   71|         getElement(0): [YieldStmt] yield ...
#-----|           getResult(0): [MemberRefExpr] ._harmless2
#-----|             getBase(): [DeclRefExpr] self
#-----|           getResult(0).getFullyConverted(): [InOutExpr] &...
#   73|   getMember(30): [PatternBindingDecl] var ... = ...
#   73|     getPattern(0): [TypedPattern] ... as ...
#   73|       getSubPattern(): [NamedPattern] myView1
#   73|       getTypeRepr(): [TypeRepr] some View
#   73|   getMember(31): [ConcreteVarDecl] myView1
#   73|       Type = some View
#   73|     getAccessor(0): [Accessor] get
#   73|         InterfaceType = (MyStruct) -> () -> some View
#   73|       getSelfParam(): [ParamDecl] self
#   73|           Type = MyStruct
#   73|       getBody(): [BraceStmt] { ... }
#   74|         getElement(0): [ReturnStmt] return ...
#   74|           getResult(): [CallExpr] call to onSubmit(of:_:)
#   74|             getFunction(): [MethodLookupExpr] .onSubmit(of:_:)
#   74|               getBase(): [CallExpr] call to TextField<Text>.init(_:text:)
#   74|                 getFunction(): [MethodLookupExpr] TextField<Text>.init(_:text:)
#   74|                   getBase(): [TypeExpr] TextField<Text>.Type
#   74|                     getTypeRepr(): [TypeRepr] TextField<Text>
#   74|                   getMethodRef(): [DeclRefExpr] TextField<Text>.init(_:text:)
#   74|                 getArgument(0): [Argument] : title
#   74|                   getExpr(): [StringLiteralExpr] title
#   74|                 getArgument(1): [Argument] text: .$input
#   74|                   getExpr(): [MemberRefExpr] .$input
#   74|                     getBase(): [DeclRefExpr] self
#   75|               getMethodRef(): [DeclRefExpr] onSubmit(of:_:)
#   75|             getArgument(0): [Argument] of: default triggers
#   75|               getExpr(): [DefaultArgumentExpr] default triggers
#   75|             getArgument(1): [Argument] : { ... }
#   75|               getExpr(): [ExplicitClosureExpr] { ... }
#   75|                 getBody(): [BraceStmt] { ... }
#   76|                   getElement(0): [CallExpr] call to sink(arg:)
#   76|                     getFunction(): [DeclRefExpr] sink(arg:)
#   76|                     getArgument(0): [Argument] arg: .input
#   76|                       getExpr(): [MemberRefExpr] .input
#   76|                         getBase(): [DeclRefExpr] self
#   76|                       getExpr().getFullyConverted(): [ErasureExpr] (Any) ...
#   78|                   getElement(1): [CallExpr] call to mkHarmlessBinding(text:)
#   78|                     getFunction(): [DeclRefExpr] mkHarmlessBinding(text:)
#   78|                     getArgument(0): [Argument] text: .$harmless2
#   78|                       getExpr(): [MemberRefExpr] .$harmless2
#   78|                         getBase(): [DeclRefExpr] self
#   80|                   getElement(2): [CallExpr] call to sink(arg:)
#   80|                     getFunction(): [DeclRefExpr] sink(arg:)
#   80|                     getArgument(0): [Argument] arg: .harmless
#   80|                       getExpr(): [MemberRefExpr] .harmless
#   80|                         getBase(): [DeclRefExpr] self
#   80|                       getExpr().getFullyConverted(): [ErasureExpr] (Any) ...
#   81|                   getElement(3): [CallExpr] call to sink(arg:)
#   81|                     getFunction(): [DeclRefExpr] sink(arg:)
#   81|                     getArgument(0): [Argument] arg: .harmless2
#   81|                       getExpr(): [MemberRefExpr] .harmless2
#   81|                         getBase(): [DeclRefExpr] self
#   81|                       getExpr().getFullyConverted(): [ErasureExpr] (Any) ...
#   76|                 getCapture(0): [CapturedDecl] self
#   74|           getResult().getFullyConverted(): [UnderlyingToOpaqueExpr] (some View) ...
#   85|   getMember(32): [PatternBindingDecl] var ... = ...
#   85|     getPattern(0): [TypedPattern] ... as ...
#   85|       getSubPattern(): [NamedPattern] myView2
#   85|       getTypeRepr(): [TypeRepr] some View
#   85|   getMember(33): [ConcreteVarDecl] myView2
#   85|       Type = some View
#   85|     getAccessor(0): [Accessor] get
#   85|         InterfaceType = (MyStruct) -> () -> some View
#   85|       getSelfParam(): [ParamDecl] self
#   85|           Type = MyStruct
#   85|       getBody(): [BraceStmt] { ... }
#   86|         getElement(0): [ReturnStmt] return ...
#   86|           getResult(): [CallExpr] call to onSubmit(of:_:)
#   86|             getFunction(): [MethodLookupExpr] .onSubmit(of:_:)
#   86|               getBase(): [CallExpr] call to SecureField<Text>.init(_:text:prompt:)
#   86|                 getFunction(): [MethodLookupExpr] SecureField<Text>.init(_:text:prompt:)
#   86|                   getBase(): [TypeExpr] SecureField<Text>.Type
#   86|                     getTypeRepr(): [TypeRepr] SecureField<Text>
#   86|                   getMethodRef(): [DeclRefExpr] SecureField<Text>.init(_:text:prompt:)
#   86|                 getArgument(0): [Argument] : title
#   86|                   getExpr(): [StringLiteralExpr] title
#   86|                 getArgument(1): [Argument] text: .$secureInput
#   86|                   getExpr(): [MemberRefExpr] .$secureInput
#   86|                     getBase(): [DeclRefExpr] self
#   86|                 getArgument(2): [Argument] prompt: nil
#   86|                   getExpr(): [NilLiteralExpr] nil
#   87|               getMethodRef(): [DeclRefExpr] onSubmit(of:_:)
#   87|             getArgument(0): [Argument] of: default triggers
#   87|               getExpr(): [DefaultArgumentExpr] default triggers
#   87|             getArgument(1): [Argument] : { ... }
#   87|               getExpr(): [ExplicitClosureExpr] { ... }
#   87|                 getBody(): [BraceStmt] { ... }
#   88|                   getElement(0): [ReturnStmt] return ...
#   88|                     getResult(): [CallExpr] call to sink(arg:)
#   88|                       getFunction(): [DeclRefExpr] sink(arg:)
#   88|                       getArgument(0): [Argument] arg: .secureInput
#   88|                         getExpr(): [MemberRefExpr] .secureInput
#   88|                           getBase(): [DeclRefExpr] self
#   88|                         getExpr().getFullyConverted(): [ErasureExpr] (Any) ...
#   88|                 getCapture(0): [CapturedDecl] self
#   86|           getResult().getFullyConverted(): [UnderlyingToOpaqueExpr] (some View) ...
#   92|   getMember(34): [PatternBindingDecl] var ... = ...
#   92|     getPattern(0): [TypedPattern] ... as ...
#   92|       getSubPattern(): [NamedPattern] myView3
#   92|       getTypeRepr(): [TypeRepr] some View
#   92|   getMember(35): [ConcreteVarDecl] myView3
#   92|       Type = some View
#   92|     getAccessor(0): [Accessor] get
#   92|         InterfaceType = (MyStruct) -> () -> some View
#   92|       getSelfParam(): [ParamDecl] self
#   92|           Type = MyStruct
#   92|       getBody(): [BraceStmt] { ... }
#   93|         getElement(0): [ReturnStmt] return ...
#   93|           getResult(): [CallExpr] call to onSubmit(of:_:)
#   93|             getFunction(): [MethodLookupExpr] .onSubmit(of:_:)
#   93|               getBase(): [CallExpr] call to TextEditor.init(text:)
#   93|                 getFunction(): [MethodLookupExpr] TextEditor.init(text:)
#   93|                   getBase(): [TypeExpr] TextEditor.Type
#   93|                     getTypeRepr(): [TypeRepr] TextEditor
#   93|                   getMethodRef(): [DeclRefExpr] TextEditor.init(text:)
#   93|                 getArgument(0): [Argument] text: .$longInput
#   93|                   getExpr(): [MemberRefExpr] .$longInput
#   93|                     getBase(): [DeclRefExpr] self
#   94|               getMethodRef(): [DeclRefExpr] onSubmit(of:_:)
#   94|             getArgument(0): [Argument] of: default triggers
#   94|               getExpr(): [DefaultArgumentExpr] default triggers
#   94|             getArgument(1): [Argument] : { ... }
#   94|               getExpr(): [ExplicitClosureExpr] { ... }
#   94|                 getBody(): [BraceStmt] { ... }
#   95|                   getElement(0): [ReturnStmt] return ...
#   95|                     getResult(): [CallExpr] call to sink(arg:)
#   95|                       getFunction(): [DeclRefExpr] sink(arg:)
#   95|                       getArgument(0): [Argument] arg: .longInput
#   95|                         getExpr(): [MemberRefExpr] .longInput
#   95|                           getBase(): [DeclRefExpr] self
#   95|                         getExpr().getFullyConverted(): [ErasureExpr] (Any) ...
#   95|                 getCapture(0): [CapturedDecl] self
#   93|           getResult().getFullyConverted(): [UnderlyingToOpaqueExpr] (some View) ...
#   66|   getMember(36): [Initializer] MyStruct.init()
#   66|       InterfaceType = (MyStruct.Type) -> () -> MyStruct
#   66|     getSelfParam(): [ParamDecl] self
#   66|         Type = MyStruct
#   66|     getBody(): [BraceStmt] { ... }
#   66|       getElement(0): [ReturnStmt] return
#   66|   getMember(37): [Initializer] MyStruct.init(input:secureInput:longInput:harmless:harmless2:)
#   66|       InterfaceType = (MyStruct.Type) -> (String, String, String, String, String) -> MyStruct
#   66|     getSelfParam(): [ParamDecl] self
#   66|         Type = MyStruct
#   66|     getParam(0): [ParamDecl] input
#   66|         Type = String
#   66|     getParam(1): [ParamDecl] secureInput
#   66|         Type = String
#   66|     getParam(2): [ParamDecl] longInput
#   66|         Type = String
#   66|     getParam(3): [ParamDecl] harmless
#   66|         Type = String
#   66|     getParam(4): [ParamDecl] harmless2
#   66|         Type = String
#   67| [TypedPattern] ... as ...
#   67|   getSubPattern(): [NamedPattern] _input
#   67| [TypedPattern] ... as ...
#   67|   getSubPattern(): [NamedPattern] $input
#   67| [OpaqueValueExpr] OpaqueValueExpr
#   67| [StringLiteralExpr] default value
#   68| [TypedPattern] ... as ...
#   68|   getSubPattern(): [NamedPattern] _secureInput
#   68| [TypedPattern] ... as ...
#   68|   getSubPattern(): [NamedPattern] $secureInput
#   68| [OpaqueValueExpr] OpaqueValueExpr
#   68| [StringLiteralExpr] default value
#   69| [TypedPattern] ... as ...
#   69|   getSubPattern(): [NamedPattern] _longInput
#   69| [TypedPattern] ... as ...
#   69|   getSubPattern(): [NamedPattern] $longInput
#   69| [OpaqueValueExpr] OpaqueValueExpr
#   69| [StringLiteralExpr] default value
#   70| [TypedPattern] ... as ...
#   70|   getSubPattern(): [NamedPattern] _harmless
#   70| [TypedPattern] ... as ...
#   70|   getSubPattern(): [NamedPattern] $harmless
#   70| [OpaqueValueExpr] OpaqueValueExpr
#   70| [StringLiteralExpr] default value
#   71| [TypedPattern] ... as ...
#   71|   getSubPattern(): [NamedPattern] _harmless2
#   71| [TypedPattern] ... as ...
#   71|   getSubPattern(): [NamedPattern] $harmless2
#   71| [OpaqueValueExpr] OpaqueValueExpr
#   71| [StringLiteralExpr] default value
#   74| [Comment] // $ source=local
#   74| 
#   76| [Comment] //
#   76| 
#   80| [Comment] //
#   80| 
#   81| [Comment] //
#   81| 
#   88| [Comment] //
#   88| 
#   95| [Comment] //
#   95| 
