| examples.cpp:38:3:38:18 | call to initDeviceConfig | The status of this call to $@ is not checked, potentially leaving $@ uninitialized. | examples.cpp:13:5:13:20 | initDeviceConfig | initDeviceConfig | examples.cpp:37:16:37:21 | config | config |
| test.cpp:22:2:22:17 | call to maybeInitialize1 | The status of this call to $@ is not checked, potentially leaving $@ uninitialized. | test.cpp:4:5:4:20 | maybeInitialize1 | maybeInitialize1 | test.cpp:19:6:19:6 | a | a |
| test.cpp:52:12:52:27 | call to maybeInitialize1 | The status of this call to $@ is not checked, potentially leaving $@ uninitialized. | test.cpp:4:5:4:20 | maybeInitialize1 | maybeInitialize1 | test.cpp:19:27:19:27 | h | h |
| test.cpp:74:2:74:17 | call to maybeInitialize2 | The status of this call to $@ is not checked, potentially leaving $@ uninitialized. | test.cpp:57:6:57:21 | maybeInitialize2 | maybeInitialize2 | test.cpp:72:6:72:6 | a | a |
| test.cpp:123:2:123:18 | call to alwaysInitialize2 | The status of this call to $@ is not checked, potentially leaving $@ uninitialized. | test.cpp:106:6:106:22 | alwaysInitialize2 | alwaysInitialize2 | test.cpp:121:6:121:6 | a | a |
| test.cpp:151:2:151:17 | call to maybeInitialize3 | The status of this call to $@ is not checked, potentially leaving $@ uninitialized. | test.cpp:134:6:134:21 | maybeInitialize3 | maybeInitialize3 | test.cpp:149:6:149:6 | a | a |
| test.cpp:187:2:187:20 | call to initializeIfNonNull | The status of this call to $@ is not checked, potentially leaving $@ uninitialized. | test.cpp:160:6:160:24 | initializeIfNonNull | initializeIfNonNull | test.cpp:181:12:181:12 | c | c |
| test.cpp:190:2:190:17 | call to initializeIfNull | The status of this call to $@ is not checked, potentially leaving $@ uninitialized. | test.cpp:168:6:168:21 | initializeIfNull | initializeIfNull | test.cpp:181:15:181:15 | d | d |
| test.cpp:291:2:291:22 | call to alwaysInitializeFirst | The status of this call to $@ is not checked, potentially leaving $@ uninitialized. | test.cpp:276:6:276:26 | alwaysInitializeFirst | alwaysInitializeFirst | test.cpp:289:9:289:9 | b | b |
